
Настройка протокола IP для Windows

   Имя компьютера  . . . . . . . . . : DESKTOP-AAUB6R2
   Основной DNS-суффикс  . . . . . . : 
   Тип узла. . . . . . . . . . . . . : Гибридный
   IP-маршрутизация включена . . . . : Нет
   WINS-прокси включен . . . . . . . : Нет

Адаптер Ethernet Ethernet0:

   DNS-суффикс подключения . . . . . : 
   Описание. . . . . . . . . . . . . : Intel(R) 82574L Gigabit Network Connection
   Физический адрес. . . . . . . . . : 00-0C-29-8B-75-48
   DHCP включен. . . . . . . . . . . : Да
   Автонастройка включена. . . . . . : Да
   Локальный IPv6-адрес канала . . . : fe80::fadc:1228:e603:cf13%6(Основной) 
   IPv4-адрес. . . . . . . . . . . . : 10.10.10.23(Основной) 
   Маска подсети . . . . . . . . . . : 255.255.255.0
   Аренда получена. . . . . . . . . . : 8 октября 2025 г. 18:36:43
   Срок аренды истекает. . . . . . . . . . : 16 октября 2025 г. 18:36:43
   Основной шлюз. . . . . . . . . : 
   DHCP-сервер. . . . . . . . . . . : 10.10.10.22
   IAID DHCPv6 . . . . . . . . . . . : 100666409
   DUID клиента DHCPv6 . . . . . . . : 00-01-00-01-30-78-2F-CF-00-0C-29-8B-75-48
   DNS-серверы. . . . . . . . . . . : 10.10.10.22
   NetBios через TCP/IP. . . . . . . . : Включен
