
Настройка протокола IP для Windows

   Имя компьютера  . . . . . . . . . : WIN-2LG95QIP3C6
   Основной DNS-суффикс  . . . . . . : 
   Тип узла. . . . . . . . . . . . . : Гибридный
   IP-маршрутизация включена . . . . : Нет
   WINS-прокси включен . . . . . . . : Нет

Адаптер Ethernet Ethernet0:

   DNS-суффикс подключения . . . . . : 
   Описание. . . . . . . . . . . . . : Intel(R) 82574L Gigabit Network Connection
   Физический адрес. . . . . . . . . : 00-0C-29-25-8C-B9
   DHCP включен. . . . . . . . . . . : Нет
   Автонастройка включена. . . . . . : Да
   Локальный IPv6-адрес канала . . . : fe80::21d6:5a3e:39c3:779e%4(Основной) 
   IPv4-адрес. . . . . . . . . . . . : 10.10.10.22(Основной) 
   Маска подсети . . . . . . . . . . : 255.255.255.0
   Основной шлюз. . . . . . . . . : 
   IAID DHCPv6 . . . . . . . . . . . : 67111977
   DUID клиента DHCPv6 . . . . . . . : 00-01-00-01-30-78-2B-25-00-0C-29-25-8C-B9
   DNS-серверы. . . . . . . . . . . : 10.10.10.22
   NetBios через TCP/IP. . . . . . . . : Включен
